// Jest Snapshot v1, https://goo.gl/fbAQLP

exports[`component Link should render correctly 1`] = `
<input
  autoFocus="true"
  className="sc-bdVaJa fpNejE"
  onBlur={[Function]}
  onChange={[Function]}
  onKeyDown={[Function]}
  type="text"
  value="Test"
/>
`;
